2026-08-02 09:33:16.404: [INFO] OnDoneLoading sync enabled: 0
2026-08-02 09:33:30.086: [INFO] OnDoneLoading sync enabled: 0
2026-08-02 14:11:51.328: [INFO] OnDoneLoading sync enabled: 0
2026-08-03 03:59:38.950: [INFO] OnDoneLoading sync enabled: 0
2026-08-03 13:21:42.406: [INFO] OnDoneLoading sync enabled: 0
2026-08-04 04:03:32.195: [INFO] OnDoneLoading sync enabled: 0
2026-08-05 12:35:23.179: [INFO] CurrentProfilePath: C:\Desktop\shop\.metadata\.plugins\org.eclipse.swt\EBWebView\Default
2026-08-05 12:35:23.179: [INFO] Profiles total count: 1
2026-08-05 12:35:23.182: [INFO] Profile: name=Profile 1 path=C:\Desktop\shop\.metadata\.plugins\org.eclipse.swt\EBWebView\Default lastActive=2026-08-04T07:55:09.207Z
2026-08-05 12:35:23.182: [INFO] LastUsedProfileDir: C:\Desktop\shop\.metadata\.plugins\org.eclipse.swt\EBWebView\Default
2026-08-05 12:35:23.182: [INFO] MostRecentlyActiveProfile: name=Profile 1 path=C:\Desktop\shop\.metadata\.plugins\org.eclipse.swt\EBWebView\Default lastActive=2026-08-04T07:55:09.207Z
2026-08-05 12:35:23.182: [INFO] OnDoneLoading sync enabled: 0
2026-08-05 12:35:23.182: [INFO] BookmarkModelLoaded, ids_reassigned: 0
2026-08-05 12:35:23.182: [INFO] BookmarksLoadDropped droppedNodes=0
2026-08-05 12:35:23.182: [INFO] BookmarksSnapshot Startup total=0 bar=0 other=0 mobile=0 showBar=0 showBarNTP=1
2026-08-05 12:55:20.081: [INFO] BookmarksSnapshot Shutdown total=0 bar=0 other=0 mobile=0 showBar=0 showBarNTP=1
2026-08-05 16:30:01.441: [INFO] CurrentProfilePath: C:\Desktop\shop\.metadata\.plugins\org.eclipse.swt\EBWebView\Default
2026-08-05 16:30:01.441: [INFO] Profiles total count: 1
2026-08-05 16:30:01.442: [INFO] Profile: name=Profile 1 path=C:\Desktop\shop\.metadata\.plugins\org.eclipse.swt\EBWebView\Default lastActive=2026-08-04T07:55:09.207Z
2026-08-05 16:30:01.442: [INFO] LastUsedProfileDir: C:\Desktop\shop\.metadata\.plugins\org.eclipse.swt\EBWebView\Default
2026-08-05 16:30:01.442: [INFO] MostRecentlyActiveProfile: name=Profile 1 path=C:\Desktop\shop\.metadata\.plugins\org.eclipse.swt\EBWebView\Default lastActive=2026-08-04T07:55:09.207Z
2026-08-05 16:30:01.442: [INFO] OnDoneLoading sync enabled: 0
2026-08-05 16:30:01.442: [INFO] BookmarkModelLoaded, ids_reassigned: 0
2026-08-05 16:30:01.442: [INFO] BookmarksLoadDropped droppedNodes=0
2026-08-05 16:30:01.442: [INFO] BookmarksSnapshot Startup total=0 bar=0 other=0 mobile=0 showBar=0 showBarNTP=1
2026-08-05 18:05:48.496: [INFO] BookmarksSnapshot Shutdown total=0 bar=0 other=0 mobile=0 showBar=0 showBarNTP=1
2026-08-06 09:50:42.942: [INFO] CurrentProfilePath: C:\Desktop\shop\.metadata\.plugins\org.eclipse.swt\EBWebView\Default
2026-08-06 09:50:42.942: [INFO] Profiles total count: 1
2026-08-06 09:50:42.944: [INFO] Profile: name=Profile 1 path=C:\Desktop\shop\.metadata\.plugins\org.eclipse.swt\EBWebView\Default lastActive=2026-08-04T07:55:09.207Z
2026-08-06 09:50:42.944: [INFO] LastUsedProfileDir: C:\Desktop\shop\.metadata\.plugins\org.eclipse.swt\EBWebView\Default
2026-08-06 09:50:42.944: [INFO] MostRecentlyActiveProfile: name=Profile 1 path=C:\Desktop\shop\.metadata\.plugins\org.eclipse.swt\EBWebView\Default lastActive=2026-08-04T07:55:09.207Z
2026-08-06 09:50:42.944: [INFO] OnDoneLoading sync enabled: 0
2026-08-06 09:50:42.944: [INFO] BookmarkModelLoaded, ids_reassigned: 0
2026-08-06 09:50:42.944: [INFO] BookmarksLoadDropped droppedNodes=0
2026-08-06 09:50:42.944: [INFO] BookmarksSnapshot Startup total=0 bar=0 other=0 mobile=0 showBar=0 showBarNTP=1
2026-08-06 11:07:16.650: [INFO] BookmarksSnapshot Shutdown total=0 bar=0 other=0 mobile=0 showBar=0 showBarNTP=1
2026-08-08 05:19:12.993: [INFO] CurrentProfilePath: C:\Desktop\shop\.metadata\.plugins\org.eclipse.swt\EBWebView\Default
2026-08-08 05:19:12.994: [INFO] Profiles total count: 1
2026-08-08 05:19:12.994: [INFO] Profile: name=Profile 1 path=C:\Desktop\shop\.metadata\.plugins\org.eclipse.swt\EBWebView\Default lastActive=2026-08-04T07:55:09.207Z
2026-08-08 05:19:12.994: [INFO] LastUsedProfileDir: C:\Desktop\shop\.metadata\.plugins\org.eclipse.swt\EBWebView\Default
2026-08-08 05:19:12.994: [INFO] MostRecentlyActiveProfile: name=Profile 1 path=C:\Desktop\shop\.metadata\.plugins\org.eclipse.swt\EBWebView\Default lastActive=2026-08-04T07:55:09.207Z
2026-08-08 05:19:12.994: [INFO] OnDoneLoading sync enabled: 0
2026-08-08 05:19:12.994: [INFO] BookmarkModelLoaded, ids_reassigned: 0
2026-08-08 05:19:12.995: [INFO] BookmarksLoadDropped droppedNodes=0
2026-08-08 05:19:12.995: [INFO] BookmarksSnapshot Startup total=0 bar=0 other=0 mobile=0 showBar=0 showBarNTP=1
2026-08-08 05:19:26.296: [INFO] BookmarksSnapshot Shutdown total=0 bar=0 other=0 mobile=0 showBar=0 showBarNTP=1
2026-08-17 04:09:36.462: [INFO] CurrentProfilePath: C:\Desktop\shop\.metadata\.plugins\org.eclipse.swt\EBWebView\Default
2026-08-17 04:09:36.462: [INFO] Profiles total count: 1
2026-08-17 04:09:36.464: [INFO] Profile: name=Profile 1 path=C:\Desktop\shop\.metadata\.plugins\org.eclipse.swt\EBWebView\Default lastActive=2026-08-04T07:55:09.207Z
2026-08-17 04:09:36.464: [INFO] LastUsedProfileDir: C:\Desktop\shop\.metadata\.plugins\org.eclipse.swt\EBWebView\Default
2026-08-17 04:09:36.464: [INFO] MostRecentlyActiveProfile: name=Profile 1 path=C:\Desktop\shop\.metadata\.plugins\org.eclipse.swt\EBWebView\Default lastActive=2026-08-04T07:55:09.207Z
2026-08-17 04:09:36.464: [INFO] OnDoneLoading sync enabled: 0
2026-08-17 04:09:36.464: [INFO] BookmarkModelLoaded, ids_reassigned: 0
2026-08-17 04:09:36.464: [INFO] BookmarksLoadDropped droppedNodes=0
2026-08-17 04:09:36.464: [INFO] BookmarksSnapshot Startup total=0 bar=0 other=0 mobile=0 showBar=0 showBarNTP=1
2026-08-17 15:36:59.719: [INFO] BookmarksSnapshot Shutdown total=0 bar=0 other=0 mobile=0 showBar=0 showBarNTP=1
2026-08-17 19:12:46.887: [INFO] CurrentProfilePath: C:\Desktop\shop\.metadata\.plugins\org.eclipse.swt\EBWebView\Default
2026-08-17 19:12:46.887: [INFO] Profiles total count: 1
2026-08-17 19:12:46.890: [INFO] Profile: name=Profile 1 path=C:\Desktop\shop\.metadata\.plugins\org.eclipse.swt\EBWebView\Default lastActive=2026-08-17T09:50:18.373Z
2026-08-17 19:12:46.890: [INFO] LastUsedProfileDir: C:\Desktop\shop\.metadata\.plugins\org.eclipse.swt\EBWebView\Default
2026-08-17 19:12:46.890: [INFO] MostRecentlyActiveProfile: name=Profile 1 path=C:\Desktop\shop\.metadata\.plugins\org.eclipse.swt\EBWebView\Default lastActive=2026-08-17T09:50:18.373Z
2026-08-17 19:12:46.890: [INFO] OnDoneLoading sync enabled: 0
2026-08-17 19:12:46.890: [INFO] BookmarkModelLoaded, ids_reassigned: 0
2026-08-17 19:12:46.890: [INFO] BookmarksLoadDropped droppedNodes=0
2026-08-17 19:12:46.890: [INFO] BookmarksSnapshot Startup total=0 bar=0 other=0 mobile=0 showBar=0 showBarNTP=1
2026-08-17 20:01:29.029: [INFO] BookmarksSnapshot Shutdown total=0 bar=0 other=0 mobile=0 showBar=0 showBarNTP=1
2026-08-20 12:07:24.053: [INFO] CurrentProfilePath: C:\Desktop\shop\.metadata\.plugins\org.eclipse.swt\EBWebView\Default
2026-08-20 12:07:24.053: [INFO] Profiles total count: 1
2026-08-20 12:07:24.053: [INFO] Profile: name=Profile 1 path=C:\Desktop\shop\.metadata\.plugins\org.eclipse.swt\EBWebView\Default lastActive=2026-08-17T19:38:00.894Z
2026-08-20 12:07:24.053: [INFO] LastUsedProfileDir: C:\Desktop\shop\.metadata\.plugins\org.eclipse.swt\EBWebView\Default
2026-08-20 12:07:24.053: [INFO] MostRecentlyActiveProfile: name=Profile 1 path=C:\Desktop\shop\.metadata\.plugins\org.eclipse.swt\EBWebView\Default lastActive=2026-08-17T19:38:00.894Z
2026-08-20 12:07:24.053: [INFO] OnDoneLoading sync enabled: 0
2026-08-20 12:07:24.053: [INFO] BookmarkModelLoaded, ids_reassigned: 0
2026-08-20 12:07:24.053: [INFO] BookmarksLoadDropped droppedNodes=0
2026-08-20 12:07:24.053: [INFO] BookmarksSnapshot Startup total=0 bar=0 other=0 mobile=0 showBar=0 showBarNTP=1
2026-08-20 18:38:24.392: [INFO] BookmarksSnapshot Shutdown total=0 bar=0 other=0 mobile=0 showBar=0 showBarNTP=1
2026-08-21 05:12:34.455: [INFO] CurrentProfilePath: C:\Desktop\shop\.metadata\.plugins\org.eclipse.swt\EBWebView\Default
2026-08-21 05:12:34.455: [INFO] Profiles total count: 1
2026-08-21 05:12:34.455: [INFO] Profile: name=Profile 1 path=C:\Desktop\shop\.metadata\.plugins\org.eclipse.swt\EBWebView\Default lastActive=2026-08-17T19:38:00.894Z
2026-08-21 05:12:34.455: [INFO] LastUsedProfileDir: C:\Desktop\shop\.metadata\.plugins\org.eclipse.swt\EBWebView\Default
2026-08-21 05:12:34.455: [INFO] MostRecentlyActiveProfile: name=Profile 1 path=C:\Desktop\shop\.metadata\.plugins\org.eclipse.swt\EBWebView\Default lastActive=2026-08-17T19:38:00.894Z
2026-08-21 05:12:34.455: [INFO] OnDoneLoading sync enabled: 0
2026-08-21 05:12:34.455: [INFO] BookmarkModelLoaded, ids_reassigned: 0
2026-08-21 05:12:34.455: [INFO] BookmarksLoadDropped droppedNodes=0
2026-08-21 05:12:34.455: [INFO] BookmarksSnapshot Startup total=0 bar=0 other=0 mobile=0 showBar=0 showBarNTP=1
2026-08-21 05:13:17.028: [INFO] BookmarksSnapshot Shutdown total=0 bar=0 other=0 mobile=0 showBar=0 showBarNTP=1
2026-08-21 05:35:12.603: [INFO] CurrentProfilePath: C:\Desktop\shop\.metadata\.plugins\org.eclipse.swt\EBWebView\Default
2026-08-21 05:35:12.603: [INFO] Profiles total count: 1
2026-08-21 05:35:12.603: [INFO] Profile: name=Profile 1 path=C:\Desktop\shop\.metadata\.plugins\org.eclipse.swt\EBWebView\Default lastActive=2026-08-17T19:38:00.894Z
2026-08-21 05:35:12.603: [INFO] LastUsedProfileDir: C:\Desktop\shop\.metadata\.plugins\org.eclipse.swt\EBWebView\Default
2026-08-21 05:35:12.604: [INFO] MostRecentlyActiveProfile: name=Profile 1 path=C:\Desktop\shop\.metadata\.plugins\org.eclipse.swt\EBWebView\Default lastActive=2026-08-17T19:38:00.894Z
2026-08-21 05:35:12.604: [INFO] OnDoneLoading sync enabled: 0
2026-08-21 05:35:12.604: [INFO] BookmarkModelLoaded, ids_reassigned: 0
2026-08-21 05:35:12.604: [INFO] BookmarksLoadDropped droppedNodes=0
2026-08-21 05:35:12.604: [INFO] BookmarksSnapshot Startup total=0 bar=0 other=0 mobile=0 showBar=0 showBarNTP=1
2026-08-21 12:25:46.769: [INFO] BookmarksSnapshot Shutdown total=0 bar=0 other=0 mobile=0 showBar=0 showBarNTP=1
2026-08-21 15:52:05.710: [INFO] CurrentProfilePath: C:\Desktop\shop\.metadata\.plugins\org.eclipse.swt\EBWebView\Default
2026-08-21 15:52:05.710: [INFO] Profiles total count: 1
2026-08-21 15:52:05.710: [INFO] Profile: name=Profile 1 path=C:\Desktop\shop\.metadata\.plugins\org.eclipse.swt\EBWebView\Default lastActive=2026-08-17T19:38:00.894Z
2026-08-21 15:52:05.710: [INFO] LastUsedProfileDir: C:\Desktop\shop\.metadata\.plugins\org.eclipse.swt\EBWebView\Default
2026-08-21 15:52:05.710: [INFO] MostRecentlyActiveProfile: name=Profile 1 path=C:\Desktop\shop\.metadata\.plugins\org.eclipse.swt\EBWebView\Default lastActive=2026-08-17T19:38:00.894Z
2026-08-21 15:52:05.710: [INFO] OnDoneLoading sync enabled: 0
2026-08-21 15:52:05.710: [INFO] BookmarkModelLoaded, ids_reassigned: 0
2026-08-21 15:52:05.710: [INFO] BookmarksLoadDropped droppedNodes=0
2026-08-21 15:52:05.710: [INFO] BookmarksSnapshot Startup total=0 bar=0 other=0 mobile=0 showBar=0 showBarNTP=1
2026-08-22 14:10:52.373: [INFO] CurrentProfilePath: C:\Desktop\shop\.metadata\.plugins\org.eclipse.swt\EBWebView\Default
2026-08-22 14:10:52.373: [INFO] Profiles total count: 1
2026-08-22 14:10:52.373: [INFO] Profile: name=Profile 1 path=C:\Desktop\shop\.metadata\.plugins\org.eclipse.swt\EBWebView\Default lastActive=2026-08-17T19:38:00.894Z
2026-08-22 14:10:52.373: [INFO] LastUsedProfileDir: C:\Desktop\shop\.metadata\.plugins\org.eclipse.swt\EBWebView\Default
2026-08-22 14:10:52.374: [INFO] MostRecentlyActiveProfile: name=Profile 1 path=C:\Desktop\shop\.metadata\.plugins\org.eclipse.swt\EBWebView\Default lastActive=2026-08-17T19:38:00.894Z
2026-08-22 14:10:52.374: [INFO] OnDoneLoading sync enabled: 0
2026-08-22 14:10:52.374: [INFO] BookmarkModelLoaded, ids_reassigned: 0
2026-08-22 14:10:52.374: [INFO] BookmarksLoadDropped droppedNodes=0
2026-08-22 14:10:52.374: [INFO] BookmarksSnapshot Startup total=0 bar=0 other=0 mobile=0 showBar=0 showBarNTP=1
2026-08-23 16:43:31.652: [INFO] BookmarksSnapshot Shutdown total=0 bar=0 other=0 mobile=0 showBar=0 showBarNTP=1
2026-08-24 16:15:45.861: [INFO] CurrentProfilePath: C:\Desktop\shop\.metadata\.plugins\org.eclipse.swt\EBWebView\Default
2026-08-24 16:15:45.861: [INFO] Profiles total count: 1
2026-08-24 16:15:45.862: [INFO] Profile: name=Profile 1 path=C:\Desktop\shop\.metadata\.plugins\org.eclipse.swt\EBWebView\Default lastActive=2026-08-17T19:38:00.894Z
2026-08-24 16:15:45.862: [INFO] LastUsedProfileDir: C:\Desktop\shop\.metadata\.plugins\org.eclipse.swt\EBWebView\Default
2026-08-24 16:15:45.862: [INFO] MostRecentlyActiveProfile: name=Profile 1 path=C:\Desktop\shop\.metadata\.plugins\org.eclipse.swt\EBWebView\Default lastActive=2026-08-17T19:38:00.894Z
2026-08-24 16:15:45.862: [INFO] OnDoneLoading sync enabled: 0
2026-08-24 16:15:45.862: [INFO] BookmarkModelLoaded, ids_reassigned: 0
2026-08-24 16:15:45.862: [INFO] BookmarksLoadDropped droppedNodes=0
2026-08-24 16:15:45.862: [INFO] BookmarksSnapshot Startup total=0 bar=0 other=0 mobile=0 showBar=0 showBarNTP=1
2026-08-24 21:21:06.388: [INFO] BookmarksSnapshot Shutdown total=0 bar=0 other=0 mobile=0 showBar=0 showBarNTP=1
2026-08-24 21:42:03.690: [INFO] CurrentProfilePath: C:\Desktop\shop\.metadata\.plugins\org.eclipse.swt\EBWebView\Default
2026-08-24 21:42:03.690: [INFO] Profiles total count: 1
2026-08-24 21:42:03.691: [INFO] Profile: name=Profile 1 path=C:\Desktop\shop\.metadata\.plugins\org.eclipse.swt\EBWebView\Default lastActive=2026-08-17T19:38:00.894Z
2026-08-24 21:42:03.691: [INFO] LastUsedProfileDir: C:\Desktop\shop\.metadata\.plugins\org.eclipse.swt\EBWebView\Default
2026-08-24 21:42:03.691: [INFO] MostRecentlyActiveProfile: name=Profile 1 path=C:\Desktop\shop\.metadata\.plugins\org.eclipse.swt\EBWebView\Default lastActive=2026-08-17T19:38:00.894Z
2026-08-24 21:42:03.691: [INFO] OnDoneLoading sync enabled: 0
2026-08-24 21:42:03.691: [INFO] BookmarkModelLoaded, ids_reassigned: 0
2026-08-24 21:42:03.691: [INFO] BookmarksLoadDropped droppedNodes=0
2026-08-24 21:42:03.691: [INFO] BookmarksSnapshot Startup total=0 bar=0 other=0 mobile=0 showBar=0 showBarNTP=1
2026-08-24 21:50:23.696: [INFO] BookmarksSnapshot Shutdown total=0 bar=0 other=0 mobile=0 showBar=0 showBarNTP=1
2026-08-25 04:47:43.148: [INFO] CurrentProfilePath: C:\Desktop\shop\.metadata\.plugins\org.eclipse.swt\EBWebView\Default
2026-08-25 04:47:43.148: [INFO] Profiles total count: 1
2026-08-25 04:47:43.149: [INFO] Profile: name=Profile 1 path=C:\Desktop\shop\.metadata\.plugins\org.eclipse.swt\EBWebView\Default lastActive=2026-08-17T19:38:00.894Z
2026-08-25 04:47:43.149: [INFO] LastUsedProfileDir: C:\Desktop\shop\.metadata\.plugins\org.eclipse.swt\EBWebView\Default
2026-08-25 04:47:43.149: [INFO] MostRecentlyActiveProfile: name=Profile 1 path=C:\Desktop\shop\.metadata\.plugins\org.eclipse.swt\EBWebView\Default lastActive=2026-08-17T19:38:00.894Z
2026-08-25 04:47:43.149: [INFO] OnDoneLoading sync enabled: 0
2026-08-25 04:47:43.149: [INFO] BookmarkModelLoaded, ids_reassigned: 0
2026-08-25 04:47:43.149: [INFO] BookmarksLoadDropped droppedNodes=0
2026-08-25 04:47:43.149: [INFO] BookmarksSnapshot Startup total=0 bar=0 other=0 mobile=0 showBar=0 showBarNTP=1
2026-08-25 04:56:32.623: [INFO] BookmarksSnapshot Shutdown total=0 bar=0 other=0 mobile=0 showBar=0 showBarNTP=1
2026-08-25 06:57:30.669: [INFO] CurrentProfilePath: C:\Desktop\shop\.metadata\.plugins\org.eclipse.swt\EBWebView\Default
2026-08-25 06:57:30.669: [INFO] Profiles total count: 1
2026-08-25 06:57:30.669: [INFO] Profile: name=Profile 1 path=C:\Desktop\shop\.metadata\.plugins\org.eclipse.swt\EBWebView\Default lastActive=2026-08-17T19:38:00.894Z
2026-08-25 06:57:30.670: [INFO] LastUsedProfileDir: C:\Desktop\shop\.metadata\.plugins\org.eclipse.swt\EBWebView\Default
2026-08-25 06:57:30.670: [INFO] MostRecentlyActiveProfile: name=Profile 1 path=C:\Desktop\shop\.metadata\.plugins\org.eclipse.swt\EBWebView\Default lastActive=2026-08-17T19:38:00.894Z
2026-08-25 06:57:30.670: [INFO] OnDoneLoading sync enabled: 0
2026-08-25 06:57:30.670: [INFO] BookmarkModelLoaded, ids_reassigned: 0
2026-08-25 06:57:30.670: [INFO] BookmarksLoadDropped droppedNodes=0
2026-08-25 06:57:30.670: [INFO] BookmarksSnapshot Startup total=0 bar=0 other=0 mobile=0 showBar=0 showBarNTP=1
2026-08-25 20:10:42.896: [INFO] BookmarksSnapshot Shutdown total=0 bar=0 other=0 mobile=0 showBar=0 showBarNTP=1
2026-08-26 04:55:56.396: [INFO] CurrentProfilePath: C:\Desktop\shop\.metadata\.plugins\org.eclipse.swt\EBWebView\Default
2026-08-26 04:55:56.396: [INFO] Profiles total count: 1
2026-08-26 04:55:56.396: [INFO] Profile: name=Profile 1 path=C:\Desktop\shop\.metadata\.plugins\org.eclipse.swt\EBWebView\Default lastActive=2026-08-17T19:38:00.894Z
2026-08-26 04:55:56.396: [INFO] LastUsedProfileDir: C:\Desktop\shop\.metadata\.plugins\org.eclipse.swt\EBWebView\Default
2026-08-26 04:55:56.396: [INFO] MostRecentlyActiveProfile: name=Profile 1 path=C:\Desktop\shop\.metadata\.plugins\org.eclipse.swt\EBWebView\Default lastActive=2026-08-17T19:38:00.894Z
2026-08-26 04:55:56.396: [INFO] OnDoneLoading sync enabled: 0
2026-08-26 04:55:56.396: [INFO] BookmarkModelLoaded, ids_reassigned: 0
2026-08-26 04:55:56.396: [INFO] BookmarksLoadDropped droppedNodes=0
2026-08-26 04:55:56.396: [INFO] BookmarksSnapshot Startup total=0 bar=0 other=0 mobile=0 showBar=0 showBarNTP=1
2026-08-26 13:35:14.198: [INFO] BookmarksSnapshot Shutdown total=0 bar=0 other=0 mobile=0 showBar=0 showBarNTP=1
2026-08-26 13:49:04.652: [INFO] CurrentProfilePath: C:\Desktop\MyApp\shopbackend\.metadata\.plugins\org.eclipse.swt\EBWebView\Default
2026-08-26 13:49:04.652: [INFO] Profiles total count: 1
2026-08-26 13:49:04.653: [INFO] Profile: name=Profile 1 path=C:\Desktop\MyApp\shopbackend\.metadata\.plugins\org.eclipse.swt\EBWebView\Default lastActive=2026-08-26T13:09:13.136Z
2026-08-26 13:49:04.653: [INFO] LastUsedProfileDir: C:\Desktop\MyApp\shopbackend\.metadata\.plugins\org.eclipse.swt\EBWebView\Default
2026-08-26 13:49:04.653: [INFO] MostRecentlyActiveProfile: name=Profile 1 path=C:\Desktop\MyApp\shopbackend\.metadata\.plugins\org.eclipse.swt\EBWebView\Default lastActive=2026-08-26T13:09:13.136Z
2026-08-26 13:49:04.653: [INFO] OnDoneLoading sync enabled: 0
2026-08-26 13:49:04.653: [INFO] BookmarkModelLoaded, ids_reassigned: 0
2026-08-26 13:49:04.653: [INFO] BookmarksLoadDropped droppedNodes=0
2026-08-26 13:49:04.653: [INFO] BookmarksSnapshot Startup total=0 bar=0 other=0 mobile=0 showBar=0 showBarNTP=1
2026-08-26 14:30:23.557: [INFO] BookmarksSnapshot Shutdown total=0 bar=0 other=0 mobile=0 showBar=0 showBarNTP=1
